"C:\Users\Awad Tarig\Desktop\Project Source code\CheckMate\Win32\Gaussm3.obj"
"C:\Users\Awad Tarig\Desktop\Project Source code\CheckMate\Win32\global variables.obj"
"C:\Users\Awad Tarig\Desktop\Project Source code\CheckMate\Win32\module beam properties.obj"
"C:\Users\Awad Tarig\Desktop\Project Source code\CheckMate\Win32\subroutine column.obj"
"C:\Users\Awad Tarig\Desktop\Project Source code\CheckMate\Win32\subroutine distribution factor v 1.0.obj"
"C:\Users\Awad Tarig\Desktop\Project Source code\CheckMate\Win32\subroutine fixed end moment v 1.1.obj"
"C:\Users\Awad Tarig\Desktop\Project Source code\CheckMate\Win32\subroutine plot v 1.0.obj"
"C:\Users\Awad Tarig\Desktop\Project Source code\CheckMate\Win32\module moment and shear.obj"
"C:\Users\Awad Tarig\Desktop\Project Source code\CheckMate\Win32\subroutine reinforcement v 1.5.obj"
"C:\Users\Awad Tarig\Desktop\Project Source code\CheckMate\Win32\subroutine shear_links v 1.1.obj"
"C:\Users\Awad Tarig\Desktop\Project Source code\CheckMate\Win32\subroutine up shear v 1.2.obj"
"C:\Users\Awad Tarig\Desktop\Project Source code\CheckMate\Win32\subroutine two way slab v1.1 .obj"
"C:\Users\Awad Tarig\Desktop\Project Source code\CheckMate\Win32\Main program v 1.71.obj"
